Resolving dependencies...
Downloading packages...
  _flutterfire_internals 1.3.35 (1.3.68 available)
  async 2.13.0 (2.13.1 available)
  audioplayers 6.5.1 (6.6.0 available)
  audioplayers_darwin 6.3.0 (6.4.0 available)
  audioplayers_web 5.1.1 (5.2.0 available)
  audioplayers_windows 4.2.1 (4.3.0 available)
  characters 1.4.0 (1.4.1 available)
  cupertino_icons 1.0.8 (1.0.9 available)
  device_info_plus 11.5.0 (12.4.0 available)
  equatable 2.0.7 (2.0.8 available)
  ffi 2.1.4 (2.2.0 available)
  firebase_analytics 10.10.7 (12.2.0 available)
  firebase_analytics_platform_interface 3.10.8 (5.1.0 available)
  firebase_analytics_web 0.5.7+7 (0.6.1+4 available)
  firebase_core 2.32.0 (4.6.0 available)
  firebase_core_platform_interface 5.4.2 (6.0.3 available)
  firebase_core_web 2.24.0 (3.5.1 available)
  firebase_crashlytics 3.5.7 (5.1.0 available)
  firebase_crashlytics_platform_interface 3.6.35 (3.8.19 available)
  firebase_remote_config 4.4.7 (6.3.0 available)
  firebase_remote_config_platform_interface 1.4.35 (2.1.1 available)
  firebase_remote_config_web 1.6.7 (1.10.5 available)
  flame 1.34.0 (1.36.0 available)
  flame_audio 2.11.12 (2.12.0 available)
  flame_spine 0.3.0+1 (0.3.0+4 available)
  flutter_lints 3.0.2 (6.0.0 available)
  get_it 9.2.0 (9.2.1 available)
  google_mobile_ads 5.3.1 (7.0.0 available)
  injectable 2.6.0 (2.7.1+4 available)
  js 0.6.7 (0.7.2 available)
  json_annotation 4.9.0 (4.11.0 available)
  lints 3.0.0 (6.1.0 available)
  matcher 0.12.17 (0.12.19 available)
  material_color_utilities 0.11.1 (0.13.0 available)
  meta 1.17.0 (1.18.2 available)
  path_provider_android 2.2.22 (2.2.23 available)
  path_provider_foundation 2.5.1 (2.6.0 available)
  shared_preferences 2.5.4 (2.5.5 available)
  shared_preferences_android 2.4.18 (2.4.23 available)
  shared_preferences_platform_interface 2.4.1 (2.4.2 available)
  source_span 1.10.1 (1.10.2 available)
  test_api 0.7.7 (0.7.11 available)
  universal_ffi 1.1.3 (1.5.0 available)
  uuid 4.5.2 (4.5.3 available)
  vector_math 2.2.0 (2.3.0 available)
  wasm_ffi 2.0.7 (2.3.0 available)
  webview_flutter 4.13.0 (4.13.1 available)
  webview_flutter_android 4.10.11 (4.10.15 available)
  webview_flutter_platform_interface 2.14.0 (2.15.1 available)
  webview_flutter_wkwebview 3.23.5 (3.24.2 available)
  win32 5.15.0 (6.0.0 available)
  win32_registry 2.1.0 (3.0.2 available)
Got dependencies!
52 packages have newer versions incompatible with dependency constraints.
Try `flutter pub outdated` for more information.
[!] Your app isn't using AndroidX.
    To avoid potential build failures, you can quickly migrate your app by following the steps on https://docs.flutter.dev/release/breaking-changes/androidx-migration .
Running Gradle task 'assembleDebug'...                          
../libs/mg_common_game/lib/l10n/localization.dart:24:1: Error: Error when reading '../libs/mg_common_game/lib/l10n/app_localizations.dart': 지정된 파일을 찾을 수 없습니다.

export 'package:mg_common_game/l10n/app_localizations.dart';
^
../libs/mg_common_game/lib/l10n/localization.dart:89:3: Error: Type 'AppLocalizations' not found.
  AppLocalizations get l10n => AppLocalizations.of(this)!;
  ^^^^^^^^^^^^^^^^
../libs/mg_common_game/lib/l10n/localization.dart:81:3: Error: Undefined name 'AppLocalizations'.
  AppLocalizations.delegate,
  ^^^^^^^^^^^^^^^^
lib/main.dart:547:40: Error: 'LoginRewardsManager' isn't a type.
          loginRewardsManager: GetIt.I<LoginRewardsManager>(),
                                       ^^^^^^^^^^^^^^^^^^^
lib/main.dart:548:34: Error: 'StreakManager' isn't a type.
          streakManager: GetIt.I<StreakManager>(),
                                 ^^^^^^^^^^^^^
lib/main.dart:549:37: Error: 'DailyChallengeManager' isn't a type.
          challengeManager: GetIt.I<DailyChallengeManager>(),
                                    ^^^^^^^^^^^^^^^^^^^^^
lib/main.dart:558:38: Error: 'GuildWarManager' isn't a type.
            guildWarManager: GetIt.I<GuildWarManager>(),
                                     ^^^^^^^^^^^^^^^
lib/main.dart:563:40: Error: 'TournamentManager' isn't a type.
            tournamentManager: GetIt.I<TournamentManager>(),
                                       ^^^^^^^^^^^^^^^^^
lib/main.dart:568:45: Error: 'SeasonalContentManager' isn't a type.
            seasonalContentManager: GetIt.I<SeasonalContentManager>(),
                                            ^^^^^^^^^^^^^^^^^^^^^^
lib/main.dart:539:25: Error: The getter 'mgSupportedLocales' isn't defined for the type 'LegendFestivalApp'.
 - 'LegendFestivalApp' is from 'package:game/main.dart' ('lib/main.dart').
Try correcting the name to the name of an existing getter, or defining a getter or field named 'mgSupportedLocales'.
      supportedLocales: mgSupportedLocales,
                        ^^^^^^^^^^^^^^^^^^
lib/main.dart:540:31: Error: The getter 'mgLocalizationDelegates' isn't defined for the type 'LegendFestivalApp'.
 - 'LegendFestivalApp' is from 'package:game/main.dart' ('lib/main.dart').
Try correcting the name to the name of an existing getter, or defining a getter or field named 'mgLocalizationDelegates'.
      localizationsDelegates: mgLocalizationDelegates,
                              ^^^^^^^^^^^^^^^^^^^^^^^
lib/main.dart:541:41: Error: The getter 'mgLocalizationDelegates' isn't defined for the type 'LegendFestivalApp'.
 - 'LegendFestivalApp' is from 'package:game/main.dart' ('lib/main.dart').
Try correcting the name to the name of an existing getter, or defining a getter or field named 'mgLocalizationDelegates'.
                localizationsDelegates: mgLocalizationDelegates,
                                        ^^^^^^^^^^^^^^^^^^^^^^^
lib/main.dart:545:36: Error: The method 'DailyHubScreen' isn't defined for the type 'LegendFestivalApp'.
 - 'LegendFestivalApp' is from 'package:game/main.dart' ('lib/main.dart').
Try correcting the name to the name of an existing method, or defining a method named 'DailyHubScreen'.
        '/daily-hub': (context) => DailyHubScreen(
                                   ^^^^^^^^^^^^^^
lib/main.dart:557:38: Error: The method 'GuildWarScreen' isn't defined for the type 'LegendFestivalApp'.
 - 'LegendFestivalApp' is from 'package:game/main.dart' ('lib/main.dart').
Try correcting the name to the name of an existing method, or defining a method named 'GuildWarScreen'.
          '/guild-war': (context) => GuildWarScreen(
                                     ^^^^^^^^^^^^^^
lib/main.dart:562:39: Error: The method 'TournamentScreen' isn't defined for the type 'LegendFestivalApp'.
 - 'LegendFestivalApp' is from 'package:game/main.dart' ('lib/main.dart').
Try correcting the name to the name of an existing method, or defining a method named 'TournamentScreen'.
          '/tournament': (context) => TournamentScreen(
                                      ^^^^^^^^^^^^^^^^
lib/main.dart:567:43: Error: The method 'SeasonalEventScreen' isn't defined for the type 'LegendFestivalApp'.
 - 'LegendFestivalApp' is from 'package:game/main.dart' ('lib/main.dart').
Try correcting the name to the name of an existing method, or defining a method named 'SeasonalEventScreen'.
          '/seasonal-event': (context) => SeasonalEventScreen(
                                          ^^^^^^^^^^^^^^^^^^^
lib/main.dart:541:17: Error: Duplicated named argument 'localizationsDelegates'.
                localizationsDelegates: mgLocalizationDelegates,
                ^^^^^^^^^^^^^^^^^^^^^^
lib/main.dart:590:26: Error: Not a constant expression.
        backgroundColor: _kFestivalSurface,
                         ^^^^^^^^^^^^^^^^^
lib/main.dart:582:20: Error: The getter '_kLatamRed' isn't defined for the type 'LegendFestivalApp'.
 - 'LegendFestivalApp' is from 'package:game/main.dart' ('lib/main.dart').
Try correcting the name to the name of an existing getter, or defining a getter or field named '_kLatamRed'.
        seedColor: _kLatamRed,
                   ^^^^^^^^^^
lib/main.dart:586:32: Error: The getter '_kFestivalBg' isn't defined for the type 'LegendFestivalApp'.
 - 'LegendFestivalApp' is from 'package:game/main.dart' ('lib/main.dart').
Try correcting the name to the name of an existing getter, or defining a getter or field named '_kFestivalBg'.
      scaffoldBackgroundColor: _kFestivalBg,
                               ^^^^^^^^^^^^
lib/main.dart:594:16: Error: The getter '_kFestivalSurface' isn't defined for the type 'LegendFestivalApp'.
 - 'LegendFestivalApp' is from 'package:game/main.dart' ('lib/main.dart').
Try correcting the name to the name of an existing getter, or defining a getter or field named '_kFestivalSurface'.
        color: _kFestivalSurface,
               ^^^^^^^^^^^^^^^^^
lib/main.dart:661:26: Error: The getter '_kLatamRed' isn't defined for the type 'UpgradeListWidget'.
 - 'UpgradeListWidget' is from 'package:game/main.dart' ('lib/main.dart').
Try correcting the name to the name of an existing getter, or defining a getter or field named '_kLatamRed'.
                  color: _kLatamRed,
                         ^^^^^^^^^^
../libs/mg_common_game/lib/l10n/localization.dart:89:32: Error: The getter 'AppLocalizations' isn't defined for the type 'BuildContext'.
 - 'BuildContext' is from 'package:flutter/src/widgets/framework.dart' ('/C:/Users/USER-5/develop/flutter/packages/flutter/lib/src/widgets/framework.dart').
Try correcting the name to the name of an existing getter, or defining a getter or field named 'AppLocalizations'.
  AppLocalizations get l10n => AppLocalizations.of(this)!;
                               ^^^^^^^^^^^^^^^^
lib/main.dart:695:21: Error: Constant evaluation error:
            ? const Chip(label: Text('ui_general_time_attack_max_distance_in'.tr))
                    ^
lib/main.dart:695:79: Context: Extension operations can't be used in constant expressions.
            ? const Chip(label: Text('ui_general_time_attack_max_distance_in'.tr))
                                                                              ^
lib/screens/shop_screen.dart:44:25: Error: Constant evaluation error:
                  const SnackBar(content: Text('shop_purchased_energy_potion'.tr)),
                        ^
lib/screens/shop_screen.dart:44:79: Context: Extension operations can't be used in constant expressions.
                  const SnackBar(content: Text('shop_purchased_energy_potion'.tr)),
                                                                              ^
lib/screens/shop_screen.dart:48:25: Error: Constant evaluation error:
                  const SnackBar(content: Text('ui_general_not_enough_coins'.tr)),
                        ^
lib/screens/shop_screen.dart:48:78: Context: Extension operations can't be used in constant expressions.
                  const SnackBar(content: Text('ui_general_not_enough_coins'.tr)),
                                                                             ^
lib/screens/shop_screen.dart:60:25: Error: Constant evaluation error:
                  const SnackBar(content: Text('shop_purchased_raid_ticket'.tr)),
                        ^
lib/screens/shop_screen.dart:60:77: Context: Extension operations can't be used in constant expressions.
                  const SnackBar(content: Text('shop_purchased_raid_ticket'.tr)),
                                                                            ^
lib/screens/shop_screen.dart:64:25: Error: Constant evaluation error:
                  const SnackBar(content: Text('ui_general_not_enough_coins'.tr)),
                        ^
lib/screens/shop_screen.dart:64:78: Context: Extension operations can't be used in constant expressions.
                  const SnackBar(content: Text('ui_general_not_enough_coins'.tr)),
                                                                             ^
lib/screens/season_screen.dart:77:45: Error: Constant evaluation error:
                                      const SnackBar(
                                            ^
lib/screens/season_screen.dart:78:85: Context: Extension operations can't be used in constant expressions.
                                        content: Text('notification_reward_claimed'.tr),
                                                                                    ^
Target kernel_snapshot_program failed: Exception


FAILURE: Build failed with an exception.

* What went wrong:
Execution failed for task ':app:compileFlutterBuildDebug'.
> Process 'command 'C:\Users\USER-5\develop\flutter\bin\flutter.bat'' finished with non-zero exit value 1

* Try:
> Run with --stacktrace option to get the stack trace.
> Run with --info or --debug option to get more log output.
> Run with --scan to get full insights.
> Get more help at https://help.gradle.org.

BUILD FAILED in 40s
Running Gradle task 'assembleDebug'...                             40.5s
Gradle task assembleDebug failed with exit code 1
