#
# There is insufficient memory for the Java Runtime Environment to continue.
# Native memory allocation (malloc) failed to allocate 1048576 bytes. Error detail: AllocateHeap
# Possible reasons:
#   The system is out of physical RAM or swap space
#   This process is running with CompressedOops enabled, and the Java Heap may be blocking the growth of the native heap
# Possible solutions:
#   Reduce memory load on the system
#   Increase physical memory or swap space
#   Check if swap backing store is full
#   Decrease Java heap size (-Xmx/-Xms)
#   Decrease number of Java threads
#   Decrease Java thread stack sizes (-Xss)
#   Set larger code cache with -XX:ReservedCodeCacheSize=
#   JVM is running with Zero Based Compressed Oops mode in which the Java heap is
#     placed in the first 32GB address space. The Java Heap base address is the
#     maximum limit for the native heap growth. Please use -XX:HeapBaseMinAddress
#     to set the Java Heap base and to place the Java Heap above 32GB virtual address.
# This output file may be truncated or incomplete.
#
#  Out of Memory Error (allocation.cpp:44), pid=91848, tid=90972
#
# JRE version:  (21.0.10) (build )
# Java VM: OpenJDK 64-Bit Server VM (21.0.10+-14961533-b1163.108, mixed mode, sharing, tiered, compressed oops, compressed class ptrs, g1 gc, windows-amd64)
# No core dump will be written. Minidumps are not enabled by default on client versions of Windows
#

---------------  S U M M A R Y ------------

Command Line: -Dorg.gradle.appname=gradlew org.gradle.wrapper.GradleWrapperMain -q -PskipDependencyChecks=true -Ptarget-platform=android-x64 -Ptarget=C:\Users\USER-5\AppData\Local\Temp\flutter_tools.d136f9fd\flutter_test_listener.5f756d1c/listener.dart -Pbase-application-name=android.app.Application -Pdart-defines=RkxVVFRFUl9WRVJTSU9OPTMuMzguNA==,RkxVVFRFUl9DSEFOTkVMPXN0YWJsZQ==,RkxVVFRFUl9HSVRfVVJMPWh0dHBzOi8vZ2l0aHViLmNvbS9mbHV0dGVyL2ZsdXR0ZXIuZ2l0,RkxVVFRFUl9GUkFNRVdPUktfUkVWSVNJT049NjZkZDkzZjlhMg==,RkxVVFRFUl9FTkdJTkVfUkVWSVNJT049YTVjYjk2MzY5ZQ==,RkxVVFRFUl9EQVJUX1ZFUlNJT049My4xMC4z,SU5URUdSQVRJT05fVEVTVF9TSE9VTERfUkVQT1JUX1JFU1VMVFNfVE9fTkFUSVZFPWZhbHNl -Pdart-obfuscation=false -Ptrack-widget-creation=true -Ptree-shake-icons=false assembleDebug

Host: AMD Ryzen 7 5800X 8-Core Processor             , 16 cores, 63G,  Windows 11 , 64 bit Build 26100 (10.0.26100.8115)
Time: Sun Apr 12 20:08:48 2026 elapsed time: 2.074913 seconds (0d 0h 0m 2s)

---------------  T H R E A D  ---------------

Current thread (0x000001eefae956c0):  JavaThread "Unknown thread" [_thread_in_vm, id=90972, stack(0x000000d26d100000,0x000000d26d200000) (1024K)]

Stack: [0x000000d26d100000,0x000000d26d200000]
Native frames: (J=compiled Java code, j=interpreted, Vv=VM code, C=native code)
V  [jvm.dll+0x6d78a9]
V  [jvm.dll+0x8665b3]
V  [jvm.dll+0x868bde]
V  [jvm.dll+0x8692c3]
V  [jvm.dll+0x280ee6]
V  [jvm.dll+0xbaf47]
V  [jvm.dll+0x333cb5]
V  [jvm.dll+0x32c321]
V  [jvm.dll+0x82f449]
V  [jvm.dll+0x3c0078]
V  [jvm.dll+0x8185e8]
V  [jvm.dll+0x45449e]
V  [jvm.dll+0x455c01]
C  [jli.dll+0x52ab]
C  [ucrtbase.dll+0x37b0]
C  [KERNEL32.DLL+0x2e8d7]
C  [ntdll.dll+0x8c3fc]


---------------  P R O C E S S  ---------------

Threads class SMR info:
_java_thread_list=0x00007ffbb0adb9c8, length=0, elements={
}

Java Threads: ( => current thread )
Total: 0

Other Threads:
  0x000001eea350ff90 WorkerThread "GC Thread#0"                     [id=72868, stack(0x000000d26d200000,0x000000d26d300000) (1024K)]

[error occurred during error reporting (printing all threads), id 0xc0000005, EXCEPTION_ACCESS_VIOLATION (0xc0000005) at pc=0x00007ffbb02c87e0]
VM state: not at safepoint (not fully initialized)

VM Mutex/Monitor currently owned by a thread:  ([mutex/lock_event])
[0x00007ffbb0b487d0] Heap_lock - owner thread: 0x000001eefae956c0

Heap address: 0x0000000401000000, size: 16368 MB, Compressed Oops mode: Zero based, Oop shift amount: 3

CDS archive(s) mapped at: [0x0000000000000000-0x0000000000000000-0x0000000000000000), size 0, SharedBaseAddress: 0x0000000800000000, ArchiveRelocationMode: 1.
Narrow klass base: 0x0000000000000000, Narrow klass shift: 0, Narrow klass range: 0x0

GC Precious Log:
 CardTable entry size: 512
 Card Set container configuration: InlinePtr #cards 4 size 8 Array Of Cards #cards 64 size 144 Howl #buckets 8 coarsen threshold 14745 Howl Bitmap #cards 2048 size 272 coarsen threshold 1843 Card regions per heap region 1 cards per card region 16384

Heap:
 garbage-first heap   total 0K, used 0K [0x0000000401000000, 0x0000000800000000)
  region size 8192K, 0 young (0K), 0 survivors (0K)
 Metaspace       used 0K, committed 0K, reserved 0K
  class space    used 0K, committed 0K, reserved 0K

Heap Regions: E=young(eden), S=young(survivor), O=old, HS=humongous(starts), HC=humongous(continues), CS=collection set, F=free, TAMS=top-at-mark-start, PB=parsable bottom

Card table byte_map: [0x000001ee91440000,0x000001ee93440000] _byte_map_base: 0x000001ee8f438000

GC Heap History (0 events):
No events

Dll operation events (1 events):
Event: 0.017 Loaded shared library C:\Program Files\Android\Android Studio\jbr\bin\java.dll

Deoptimization events (0 events):
No events

Classes loaded (0 events):
No events

Classes unloaded (0 events):
No events

Classes redefined (0 events):
No events

Internal exceptions (0 events):
No events

ZGC Phase Switch (0 events):
No events

VM Operations (0 events):
No events

Memory protections (0 events):
No events

Nmethod flushes (0 events):
No events

Events (0 events):
No events


Dynamic libraries:
0x00007ff69d890000 - 0x00007ff69d89a000 	C:\Program Files\Android\Android Studio\jbr\bin\java.exe
0x00007ffc9d7c0000 - 0x00007ffc9da27000 	C:\WINDOWS\SYSTEM32\ntdll.dll
0x00007ffc9d1e0000 - 0x00007ffc9d2a9000 	C:\WINDOWS\System32\KERNEL32.DLL
0x00007ffc9abc0000 - 0x00007ffc9afb4000 	C:\WINDOWS\System32\KERNELBASE.dll
0x00007ffc9b290000 - 0x00007ffc9b3db000 	C:\WINDOWS\System32\ucrtbase.dll
0x00007ffc93690000 - 0x00007ffc936a8000 	C:\Program Files\Android\Android Studio\jbr\bin\jli.dll
0x00007ffc6e0e0000 - 0x00007ffc6e0fb000 	C:\Program Files\Android\Android Studio\jbr\bin\VCRUNTIME140.dll
0x00007ffc9ce60000 - 0x00007ffc9d025000 	C:\WINDOWS\System32\USER32.dll
0x00007ffc9b1a0000 - 0x00007ffc9b1c7000 	C:\WINDOWS\System32\win32u.dll
0x00007ffc7d450000 - 0x00007ffc7d6e3000 	C:\WINDOWS\WinSxS\amd64_microsoft.windows.common-controls_6595b64144ccf1df_6.0.26100.8115_none_3e075c82e3354f9c\COMCTL32.dll
0x00007ffc9d6d0000 - 0x00007ffc9d779000 	C:\WINDOWS\System32\msvcrt.dll
0x00007ffc9bd30000 - 0x00007ffc9bd5b000 	C:\WINDOWS\System32\GDI32.dll
0x00007ffc9afc0000 - 0x00007ffc9b0ea000 	C:\WINDOWS\System32\gdi32full.dll
0x00007ffc9b0f0000 - 0x00007ffc9b193000 	C:\WINDOWS\System32\msvcp_win.dll
0x00007ffc9d1a0000 - 0x00007ffc9d1d2000 	C:\WINDOWS\System32\IMM32.DLL
0x00007ffc743a0000 - 0x00007ffc743ac000 	C:\Program Files\Android\Android Studio\jbr\bin\vcruntime140_1.dll
0x00007ffc144c0000 - 0x00007ffc1454d000 	C:\Program Files\Android\Android Studio\jbr\bin\msvcp140.dll
0x00007ffbaff90000 - 0x00007ffbb0c26000 	C:\Program Files\Android\Android Studio\jbr\bin\server\jvm.dll
0x00007ffc9c0f0000 - 0x00007ffc9c1a6000 	C:\WINDOWS\System32\ADVAPI32.dll
0x00007ffc9d560000 - 0x00007ffc9d607000 	C:\WINDOWS\System32\sechost.dll
0x00007ffc9d420000 - 0x00007ffc9d538000 	C:\WINDOWS\System32\RPCRT4.dll
0x00007ffc9d2b0000 - 0x00007ffc9d330000 	C:\WINDOWS\System32\WS2_32.dll
0x00007ffc99d40000 - 0x00007ffc99d9e000 	C:\WINDOWS\SYSTEM32\POWRPROF.dll
0x00007ffc90380000 - 0x00007ffc903b6000 	C:\WINDOWS\SYSTEM32\WINMM.dll
0x00007ffc95b20000 - 0x00007ffc95b2b000 	C:\WINDOWS\SYSTEM32\VERSION.dll
0x00007ffc99c60000 - 0x00007ffc99c74000 	C:\WINDOWS\SYSTEM32\UMPDC.dll
0x00007ffc98de0000 - 0x00007ffc98dfb000 	C:\WINDOWS\SYSTEM32\kernel.appcore.dll
0x00007ffc72c00000 - 0x00007ffc72c0a000 	C:\Program Files\Android\Android Studio\jbr\bin\jimage.dll
0x00007ffc8f8f0000 - 0x00007ffc8fb32000 	C:\WINDOWS\SYSTEM32\DBGHELP.DLL
0x00007ffc9b840000 - 0x00007ffc9bbc2000 	C:\WINDOWS\System32\combase.dll
0x00007ffc9d030000 - 0x00007ffc9d107000 	C:\WINDOWS\System32\OLEAUT32.dll
0x00007ffc82400000 - 0x00007ffc8243b000 	C:\WINDOWS\SYSTEM32\dbgcore.DLL
0x00007ffc9ab10000 - 0x00007ffc9abb5000 	C:\WINDOWS\System32\bcryptPrimitives.dll
0x00007ffc6e0c0000 - 0x00007ffc6e0e0000 	C:\Program Files\Android\Android Studio\jbr\bin\java.dll

JVMTI agents: none

dbghelp: loaded successfully - version: 4.0.5 - missing functions: none
symbol engine: initialized successfully - sym options: 0x614 - pdb path: .;C:\Program Files\Android\Android Studio\jbr\bin;C:\WINDOWS\SYSTEM32;C:\WINDOWS\WinSxS\amd64_microsoft.windows.common-controls_6595b64144ccf1df_6.0.26100.8115_none_3e075c82e3354f9c;C:\Program Files\Android\Android Studio\jbr\bin\server

VM Arguments:
jvm_args: -Dorg.gradle.appname=gradlew 
java_command: org.gradle.wrapper.GradleWrapperMain -q -PskipDependencyChecks=true -Ptarget-platform=android-x64 -Ptarget=C:\Users\USER-5\AppData\Local\Temp\flutter_tools.d136f9fd\flutter_test_listener.5f756d1c/listener.dart -Pbase-application-name=android.app.Application -Pdart-defines=RkxVVFRFUl9WRVJTSU9OPTMuMzguNA==,RkxVVFRFUl9DSEFOTkVMPXN0YWJsZQ==,RkxVVFRFUl9HSVRfVVJMPWh0dHBzOi8vZ2l0aHViLmNvbS9mbHV0dGVyL2ZsdXR0ZXIuZ2l0,RkxVVFRFUl9GUkFNRVdPUktfUkVWSVNJT049NjZkZDkzZjlhMg==,RkxVVFRFUl9FTkdJTkVfUkVWSVNJT049YTVjYjk2MzY5ZQ==,RkxVVFRFUl9EQVJUX1ZFUlNJT049My4xMC4z,SU5URUdSQVRJT05fVEVTVF9TSE9VTERfUkVQT1JUX1JFU1VMVFNfVE9fTkFUSVZFPWZhbHNl -Pdart-obfuscation=false -Ptrack-widget-creation=true -Ptree-shake-icons=false assembleDebug
java_class_path (initial): D:\mg-games\repos\mg-game-0024\game\android\\gradle\wrapper\gradle-wrapper.jar
Launcher Type: SUN_STANDARD

[Global flags]
     intx CICompilerCount                          = 12                                        {product} {ergonomic}
     uint ConcGCThreads                            = 3                                         {product} {ergonomic}
     uint G1ConcRefinementThreads                  = 13                                        {product} {ergonomic}
   size_t G1HeapRegionSize                         = 8388608                                   {product} {ergonomic}
    uintx GCDrainStackTargetSize                   = 64                                        {product} {ergonomic}
   size_t InitialHeapSize                          = 1073741824                                {product} {ergonomic}
   size_t MarkStackSize                            = 4194304                                   {product} {ergonomic}
   size_t MaxHeapSize                              = 17163091968                               {product} {ergonomic}
   size_t MinHeapDeltaBytes                        = 8388608                                   {product} {ergonomic}
   size_t MinHeapSize                              = 8388608                                   {product} {ergonomic}
    uintx NonNMethodCodeHeapSize                   = 7602480                                {pd product} {ergonomic}
    uintx NonProfiledCodeHeapSize                  = 122027880                              {pd product} {ergonomic}
    uintx ProfiledCodeHeapSize                     = 122027880                              {pd product} {ergonomic}
    uintx ReservedCodeCacheSize                    = 251658240                              {pd product} {ergonomic}
     bool SegmentedCodeCache                       = true                                      {product} {ergonomic}
   size_t SoftMaxHeapSize                          = 17163091968                            {manageable} {ergonomic}
     bool UseCompressedOops                        = true                           {product lp64_product} {ergonomic}
     bool UseG1GC                                  = true                                      {product} {ergonomic}
     bool UseLargePagesIndividualAllocation        = false                                  {pd product} {ergonomic}

Logging:
Log output configuration:
 #0: stdout all=warning uptime,level,tags foldmultilines=false
 #1: stderr all=off uptime,level,tags foldmultilines=false

Release file:
<release file has not been read>
Environment Variables:
JAVA_HOME=C:\Program Files\Android\Android Studio\jbr
CLASSPATH=D:\mg-games\repos\mg-game-0024\game\android\\gradle\wrapper\gradle-wrapper.jar
PATH=C:\Program Files\Android\Android Studio\jbr\bin;C:\Users\USER-5\bin;C:\Program Files\Git\mingw64\bin;C:\Program Files\Git\usr\local\bin;C:\Program Files\Git\usr\bin;C:\Program Files\Git\usr\bin;C:\Program Files\Git\mingw64\bin;C:\Program Files\Git\usr\bin;C:\Users\USER-5\bin;C:\ProgramData\miniconda3;C:\ProgramData\miniconda3\Library\mingw-w64\bin;C:\ProgramData\miniconda3\Library\usr\bin;C:\ProgramData\miniconda3\Library\bin;C:\ProgramData\miniconda3\Scripts;C:\ProgramData\miniconda3\bin;C:\ProgramData\miniconda3\condabin;C:\Program Files\Microsoft\jdk-17.0.13.11-hotspot\bin;C:\Python313\Scripts;C:\Python313;C:\WINDOWS\system32;C:\WINDOWS;C:\WINDOWS\System32\Wbem;C:\WINDOWS\System32\WindowsPowerShell\v1.0;C:\WINDOWS\System32\OpenSSH;C:\Program Files\Git\cmd;C:\Program Files\TortoiseGit\bin;C:\Program Files\dotnet;C:\Program Files\Bandizip;C:\Users\USER-5\AppData\Local\Programs\cursor\resources\app\bin;C:\ProgramData\miniconda3\Scripts;C:\ProgramData\miniconda3;C:\Users\USER-5\AppData\Local\Muse Hub\lib;C:\Program Files\NVIDIA Corporation\NVIDIA App\NvDLISR;C:\Program Files (x86)\NVIDIA Corporation\PhysX\Common;C:\Program Files\nodejs;C:\ProgramData\chocolatey\bin;C:\Program Files\GitHub CLI;C:\Users\USER-5\develop\flutter\bin;C:\Users\USER-5\AppData\Local\Pub\Cache\bin;C:\Program Files\Spine;C:\Program Files\Blender Foundation\Blender 5.0;C:\Program Files\Amazon\AWSCLIV2;D:\terraform_1.14.3_windows_386;C:\Users\USER-5\AppData\Roaming\npm;.;C:\Program Files\Rancher Desktop\resources\resources\win32\bin;C:\Program Files\Rancher Desktop\resources\resources\win32\docker-cli-plugins;C:\Program Files\Rancher Desktop\resources\resources\linux\bin;C:\Program Files\Rancher Desktop\resources\resources\linux\docker-cli-plugins;C:\Program Files\Microsoft\jdk-17.0.13.11-hotspot\bin;C:\Python313\Scripts;C:\Python313;C:\WINDOWS\system32;C:\WINDOWS;C:\WINDOWS\System32\Wbem;C:\WINDOWS\System32\WindowsPowerShell\v1.0;C:\WINDOWS\System32\OpenSSH;C:\Program Files\Git\cmd;C:\Program Files\TortoiseGit\bin;C:\Program Files\dotnet;C:\Program Files\Bandizip;C:\Users\USER-5\AppData\Local\Programs\cursor\resources\app\bin;C:\ProgramData\miniconda3\Scripts;C:\ProgramData\miniconda3;C:\Users\USER-5\AppData\Local\Muse Hub\lib;C:\Program Files\NVIDIA Corporation\NVIDIA App\NvDLISR;C:\Program Files (x86)\NVIDIA Corporation\PhysX\Common;C:\Program Files\nodejs;C:\ProgramData\chocolatey\bin;C:\Program Files\GitHub CLI;C:\Users\USER-5\develop\flutter\bin;C:\Users\USER-5\AppData\Local\Pub\Cache\bin;C:\Program Files\Spine;C:\Program Files\Blender Foundation\Blender 5.0;C:\Program Files\Amazon\AWSCLIV2;D:\terraform_1.14.3_windows_386;C:\Users\USER-5\AppData\Roaming\npm;.;C:\Program Files\Rancher Desktop\resources\resources\win32\bin;C:\Program Files\Rancher Desktop\resources\resources\win32\docker-cli-plugins;C:\Program Files\Rancher Desktop\resources\resources\linux\bin;C:\Program Files\Rancher Desktop\resources\resources\linux\docker-cli-plugins;C:\Users\USER-5\.bun\bin;C:\Users\USER-5\AppData\Local\Muse Hub\lib;C:\Users\USER-5\AppData\Local\Programs\Microsoft VS Code\bin;C:\Users\USER-5\AppData\Local\GitHubDesktop\bin;C:\Users\USER-5\AppData\Local\Programs\Antigravity\bin;C:\Program Files\Git\usr\bin\vendor_perl;C:\Program Files\Git\usr\bin\core_perl
USERNAME=USER-5
SHELL=C:\Program Files\Git\usr\bin\bash.exe
TERM=xterm-256color
OS=MINGW64_NT-10.0-26200
PROCESSOR_IDENTIFIER=AMD64 Family 25 Model 33 Stepping 2, AuthenticAMD
TMP=C:\Users\USER-5\AppData\Local\Temp
TEMP=C:\Users\USER-5\AppData\Local\Temp




Periodic native trim disabled

JNI global refs:
JNI global refs: 0, weak refs: 0

JNI global refs memory usage: 0, weak refs: 0

Process memory usage:
Resident Set Size: 13440K (0% of 67017964K total physical memory with 2137052K free physical memory)

OOME stack traces (most recent first):
Classloader memory used:

---------------  S Y S T E M  ---------------

OS:
 Windows 11 , 64 bit Build 26100 (10.0.26100.8115)
OS uptime: 10 days 17:36 hours
Hyper-V role detected

CPU: total 16 (initial active 16) (16 cores per cpu, 2 threads per core) family 25 model 33 stepping 2 microcode 0xa20120a, cx8, cmov, fxsr, ht, mmx, 3dnowpref, sse, sse2, sse3, ssse3, sse4a, sse4.1, sse4.2, popcnt, lzcnt, tsc, tscinvbit, avx, avx2, aes, erms, clmul, bmi1, bmi2, adx, sha, fma, vzeroupper, clflush, clflushopt, hv, rdtscp, rdpid, fsrm, f16c, cet_ss
Processor Information for the first 16 processors :
  Max Mhz: 4200, Current Mhz: 4200, Mhz Limit: 4200

Memory: 4k page, system-wide physical 65447M (2086M free)
TotalPageFile size 184570M (AvailPageFile size 44M)
current process WorkingSet (physical memory assigned to process): 13M, peak: 13M
current process commit charge ("private bytes"): 64M, peak: 65M

vm_info: OpenJDK 64-Bit Server VM (21.0.10+-14961533-b1163.108) for windows-amd64 JRE (21.0.10+-14961533-b1163.108), built on 2026-03-02T19:58:50Z by "builder" with MS VC++ 16.10 / 16.11 (VS2019)

END.
